<html>
<body>
<pre>
<h1>礦ision Build Log</h1>
<h2>Project:</h2>
E:\创业\大学生物联网学习小组\(3)资料文件\核心板\107VCT6+DP83848\基本例程源码\串口通信\USER\串口通信.uvproj
Project File Date:  01/24/2015

<h2>Output:</h2>
Build target '串口通信'
compiling main.c...
main.c(7): warning:  #177-D: variable "times" was declared but never referenced
compiling stm32f10x_it.c...
compiling system_stm32f10x.c...
compiling core_cm3.c...
assembling startup_stm32f10x_cl.s...
compiling misc.c...
compiling stm32f10x_gpio.c...
compiling stm32f10x_rcc.c...
compiling stm32f10x_usart.c...
compiling delay.c...
compiling usart.c...
linking...
Program Size: Code=5048 RO-data=368 RW-data=56 ZI-data=2136  
FromELF: creating hex file...
"..\OBJ\串口通信.axf" - 0 Error(s), 1 Warning(s).
