<html>
<body>
<pre>
<h1>µVision Build Log</h1>
<h2>Project:</h2>
D:\Project\2016_04\2016_04_27\04_27_version\debug_mode\USER\LWip.uvproj
Project File Date:  04/20/2016

<h2>Output:</h2>
Build target 'LWip'
linking...
Program Size: Code=60884 RO-data=948 RW-data=388 ZI-data=60892  
FromELF: creating hex file...
User command #1: C:\Keil\ARM\BIN40\fromelf.exe --bin --output ./bin/stm32_app.bin ../OBJ/LWip.axf
"..\OBJ\LWip.axf" - 0 Error(s), 0 Warning(s).
Load "..\\OBJ\\LWip.AXF" 
Set JLink Project File to "D:\Project\2016_04\2016_04_27\04_27_version\debug_mode\USER\JLinkSettings.ini"
 
JLink info:
------------
DLL: V4.72a, compiled Jun 26 2013 11:49:14
Firmware: J-Link ARM V8 compiled Nov 14 2012 22:34:52
Hardware: V8.00
Feature(s) : RDI,FlashDL,FlashBP,JFlash,GDBFULL 
 
***JLink Error: Supply voltage too low (1 Volt is required, Measured: 0.0 Volt).
Please check target power.
Build target 'LWip'
linking...
Program Size: Code=60884 RO-data=948 RW-data=388 ZI-data=60892  
FromELF: creating hex file...
User command #1: C:\Keil\ARM\BIN40\fromelf.exe --bin --output ./bin/stm32_app.bin ../OBJ/LWip.axf
"..\OBJ\LWip.axf" - 0 Error(s), 0 Warning(s).
Load "..\\OBJ\\LWip.AXF" 
Set JLink Project File to "D:\Project\2016_04\2016_04_27\04_27_version\debug_mode\USER\JLinkSettings.ini"
 
JLink info:
------------
DLL: V4.72a, compiled Jun 26 2013 11:49:14
Firmware: J-Link ARM V8 compiled Nov 14 2012 22:34:52
Hardware: V8.00
Feature(s) : RDI,FlashDL,FlashBP,JFlash,GDBFULL 
 
* JLink Info: TotalIRLen = 9, IRPrint = 0x0011
* JLink Info: Found Cortex-M3 r1p1, Little endian.
* JLink Info: TPIU fitted.
* JLink Info: ETM fitted.
* JLink Info: FPUnit: 6 code (BP) slots and 2 literal slots
* JLink Info: Found Cortex-M3 r1p1, Little endian.
* JLink Info: TPIU fitted.
* JLink Info: ETM fitted.
* JLink Info: FPUnit: 6 code (BP) slots and 2 literal slots
ROMTableAddr = 0xE00FF003
 
Target info:
------------
Device: STM32F107VC
* JLink Info: Device "STM32F107VC" selected (256 KB flash, 64 KB RAM).
VTarget = 3.202V
State of Pins: 
TCK: 1, TDI: 0, TDO: 1, TMS: 0, TRES: 1, TRST: 1
Hardware-Breakpoints: 6
Software-Breakpoints: 8192
Watchpoints:          4
JTAG speed: 9600 kHz
 
Erase Done.
Programming Done.
Verify OK.
* JLink Info: Found Cortex-M3 r1p1, Little endian.
* JLink Info: TPIU fitted.
* JLink Info: ETM fitted.
* JLink Info: FPUnit: 6 code (BP) slots and 2 literal slots
Application running ...
Load "..\\OBJ\\LWip.AXF" 
Set JLink Project File to "D:\Project\2016_04\2016_04_27\04_27_version\debug_mode\USER\JLinkSettings.ini"
 
JLink info:
------------
DLL: V4.72a, compiled Jun 26 2013 11:49:14
Firmware: J-Link ARM V8 compiled Nov 14 2012 22:34:52
Hardware: V8.00
Feature(s) : RDI,FlashDL,FlashBP,JFlash,GDBFULL 
 
* JLink Info: TotalIRLen = 9, IRPrint = 0x0011
* JLink Info: Found Cortex-M3 r1p1, Little endian.
* JLink Info: TPIU fitted.
* JLink Info: ETM fitted.
* JLink Info: FPUnit: 6 code (BP) slots and 2 literal slots
* JLink Info: Found Cortex-M3 r1p1, Little endian.
* JLink Info: TPIU fitted.
* JLink Info: ETM fitted.
* JLink Info: FPUnit: 6 code (BP) slots and 2 literal slots
ROMTableAddr = 0xE00FF003
 
Target info:
------------
Device: STM32F107VC
* JLink Info: Device "STM32F107VC" selected (256 KB flash, 64 KB RAM).
VTarget = 3.190V
State of Pins: 
TCK: 1, TDI: 0, TDO: 1, TMS: 0, TRES: 1, TRST: 1
Hardware-Breakpoints: 6
Software-Breakpoints: 8192
Watchpoints:          4
JTAG speed: 9600 kHz
 
Erase Done.
Programming Done.
Verify OK.
* JLink Info: Found Cortex-M3 r1p1, Little endian.
* JLink Info: TPIU fitted.
* JLink Info: ETM fitted.
* JLink Info: FPUnit: 6 code (BP) slots and 2 literal slots
Application running ...
Load "..\\OBJ\\LWip.AXF" 
Set JLink Project File to "D:\Project\2016_04\2016_04_27\04_27_version\debug_mode\USER\JLinkSettings.ini"
 
JLink info:
------------
DLL: V4.72a, compiled Jun 26 2013 11:49:14
Firmware: J-Link ARM V8 compiled Nov 14 2012 22:34:52
Hardware: V8.00
Feature(s) : RDI,FlashDL,FlashBP,JFlash,GDBFULL 
 
* JLink Info: TotalIRLen = 9, IRPrint = 0x0011
* JLink Info: Found Cortex-M3 r1p1, Little endian.
* JLink Info: TPIU fitted.
* JLink Info: ETM fitted.
* JLink Info: FPUnit: 6 code (BP) slots and 2 literal slots
* JLink Info: Found Cortex-M3 r1p1, Little endian.
* JLink Info: TPIU fitted.
* JLink Info: ETM fitted.
* JLink Info: FPUnit: 6 code (BP) slots and 2 literal slots
ROMTableAddr = 0xE00FF003
 
Target info:
------------
Device: STM32F107VC
* JLink Info: Device "STM32F107VC" selected (256 KB flash, 64 KB RAM).
VTarget = 3.183V
State of Pins: 
TCK: 1, TDI: 0, TDO: 1, TMS: 0, TRES: 1, TRST: 1
Hardware-Breakpoints: 6
Software-Breakpoints: 8192
Watchpoints:          4
JTAG speed: 9600 kHz
 
Erase Done.
Programming Done.
Verify OK.
* JLink Info: Found Cortex-M3 r1p1, Little endian.
* JLink Info: TPIU fitted.
* JLink Info: ETM fitted.
* JLink Info: FPUnit: 6 code (BP) slots and 2 literal slots
Application running ...
Load "..\\OBJ\\LWip.AXF" 
Set JLink Project File to "D:\Project\2016_04\2016_04_27\04_27_version\debug_mode\USER\JLinkSettings.ini"
 
JLink info:
------------
DLL: V4.72a, compiled Jun 26 2013 11:49:14
Firmware: J-Link ARM V8 compiled Nov 14 2012 22:34:52
Hardware: V8.00
Feature(s) : RDI,FlashDL,FlashBP,JFlash,GDBFULL 
 
* JLink Info: TotalIRLen = 9, IRPrint = 0x0011
* JLink Info: Found Cortex-M3 r1p1, Little endian.
* JLink Info: TPIU fitted.
* JLink Info: ETM fitted.
* JLink Info: FPUnit: 6 code (BP) slots and 2 literal slots
* JLink Info: Found Cortex-M3 r1p1, Little endian.
* JLink Info: TPIU fitted.
* JLink Info: ETM fitted.
* JLink Info: FPUnit: 6 code (BP) slots and 2 literal slots
ROMTableAddr = 0xE00FF003
 
Target info:
------------
Device: STM32F107VC
* JLink Info: Device "STM32F107VC" selected (256 KB flash, 64 KB RAM).
VTarget = 3.170V
State of Pins: 
TCK: 1, TDI: 0, TDO: 1, TMS: 0, TRES: 1, TRST: 1
Hardware-Breakpoints: 6
Software-Breakpoints: 8192
Watchpoints:          4
JTAG speed: 9600 kHz
 
Erase Done.
Programming Done.
Verify OK.
* JLink Info: Found Cortex-M3 r1p1, Little endian.
* JLink Info: TPIU fitted.
* JLink Info: ETM fitted.
* JLink Info: FPUnit: 6 code (BP) slots and 2 literal slots
Application running ...
Load "..\\OBJ\\LWip.AXF" 
Set JLink Project File to "D:\Project\2016_04\2016_04_27\04_27_version\debug_mode\USER\JLinkSettings.ini"
 
JLink info:
------------
DLL: V4.72a, compiled Jun 26 2013 11:49:14
Firmware: J-Link ARM V8 compiled Nov 14 2012 22:34:52
Hardware: V8.00
Feature(s) : RDI,FlashDL,FlashBP,JFlash,GDBFULL 
 
* JLink Info: TotalIRLen = 9, IRPrint = 0x0011
* JLink Info: Found Cortex-M3 r1p1, Little endian.
* JLink Info: TPIU fitted.
* JLink Info: ETM fitted.
* JLink Info: FPUnit: 6 code (BP) slots and 2 literal slots
* JLink Info: Found Cortex-M3 r1p1, Little endian.
* JLink Info: TPIU fitted.
* JLink Info: ETM fitted.
* JLink Info: FPUnit: 6 code (BP) slots and 2 literal slots
ROMTableAddr = 0xE00FF003
 
Target info:
------------
Device: STM32F107VC
* JLink Info: Device "STM32F107VC" selected (256 KB flash, 64 KB RAM).
VTarget = 3.190V
State of Pins: 
TCK: 1, TDI: 0, TDO: 1, TMS: 0, TRES: 1, TRST: 1
Hardware-Breakpoints: 6
Software-Breakpoints: 8192
Watchpoints:          4
JTAG speed: 9600 kHz
 
Erase Done.
Programming Done.
Verify OK.
* JLink Info: Found Cortex-M3 r1p1, Little endian.
* JLink Info: TPIU fitted.
* JLink Info: ETM fitted.
* JLink Info: FPUnit: 6 code (BP) slots and 2 literal slots
Application running ...
Load "..\\OBJ\\LWip.AXF" 
Set JLink Project File to "D:\Project\2016_04\2016_04_27\04_27_version\debug_mode\USER\JLinkSettings.ini"
 
JLink info:
------------
DLL: V4.72a, compiled Jun 26 2013 11:49:14
Firmware: J-Link ARM V8 compiled Nov 14 2012 22:34:52
Hardware: V8.00
Feature(s) : RDI,FlashDL,FlashBP,JFlash,GDBFULL 
 
* JLink Info: TotalIRLen = 9, IRPrint = 0x0011
* JLink Info: Found Cortex-M3 r1p1, Little endian.
* JLink Info: TPIU fitted.
* JLink Info: ETM fitted.
* JLink Info: FPUnit: 6 code (BP) slots and 2 literal slots
* JLink Info: Found Cortex-M3 r1p1, Little endian.
* JLink Info: TPIU fitted.
* JLink Info: ETM fitted.
* JLink Info: FPUnit: 6 code (BP) slots and 2 literal slots
ROMTableAddr = 0xE00FF003
 
Target info:
------------
Device: STM32F107VC
* JLink Info: Device "STM32F107VC" selected (256 KB flash, 64 KB RAM).
VTarget = 3.177V
State of Pins: 
TCK: 1, TDI: 0, TDO: 1, TMS: 0, TRES: 1, TRST: 1
Hardware-Breakpoints: 6
Software-Breakpoints: 8192
Watchpoints:          4
JTAG speed: 9600 kHz
 
Erase Done.
Programming Done.
Verify OK.
* JLink Info: Found Cortex-M3 r1p1, Little endian.
* JLink Info: TPIU fitted.
* JLink Info: ETM fitted.
* JLink Info: FPUnit: 6 code (BP) slots and 2 literal slots
Application running ...
Load "..\\OBJ\\LWip.AXF" 
Set JLink Project File to "D:\Project\2016_04\2016_04_27\04_27_version\debug_mode\USER\JLinkSettings.ini"
 
JLink info:
------------
DLL: V4.72a, compiled Jun 26 2013 11:49:14
Firmware: J-Link ARM V8 compiled Nov 14 2012 22:34:52
Hardware: V8.00
Feature(s) : RDI,FlashDL,FlashBP,JFlash,GDBFULL 
 
* JLink Info: TotalIRLen = 9, IRPrint = 0x0011
* JLink Info: Found Cortex-M3 r1p1, Little endian.
* JLink Info: TPIU fitted.
* JLink Info: ETM fitted.
* JLink Info: FPUnit: 6 code (BP) slots and 2 literal slots
* JLink Info: Found Cortex-M3 r1p1, Little endian.
* JLink Info: TPIU fitted.
* JLink Info: ETM fitted.
* JLink Info: FPUnit: 6 code (BP) slots and 2 literal slots
ROMTableAddr = 0xE00FF003
 
Target info:
------------
Device: STM32F107VC
* JLink Info: Device "STM32F107VC" selected (256 KB flash, 64 KB RAM).
VTarget = 3.177V
State of Pins: 
TCK: 1, TDI: 0, TDO: 1, TMS: 0, TRES: 1, TRST: 1
Hardware-Breakpoints: 6
Software-Breakpoints: 8192
Watchpoints:          4
JTAG speed: 9600 kHz
 
Erase Done.
Programming Done.
Verify OK.
* JLink Info: Found Cortex-M3 r1p1, Little endian.
* JLink Info: TPIU fitted.
* JLink Info: ETM fitted.
* JLink Info: FPUnit: 6 code (BP) slots and 2 literal slots
Application running ...
Load "..\\OBJ\\LWip.AXF" 
Set JLink Project File to "D:\Project\2016_04\2016_04_27\04_27_version\debug_mode\USER\JLinkSettings.ini"
 
JLink info:
------------
DLL: V4.72a, compiled Jun 26 2013 11:49:14
Firmware: J-Link ARM V8 compiled Nov 14 2012 22:34:52
Hardware: V8.00
Feature(s) : RDI,FlashDL,FlashBP,JFlash,GDBFULL 
 
* JLink Info: TotalIRLen = ?, IRPrint = 0x..FFFFFFFFFFFFFFFFFFFFFE11
* JLink Info: TotalIRLen = ?, IRPrint = 0x..FFFFFFFFFFFFFFFFFFFFFE11
Load "..\\OBJ\\LWip.AXF" 
Set JLink Project File to "D:\Project\2016_04\2016_04_27\04_27_version\debug_mode\USER\JLinkSettings.ini"
 
JLink info:
------------
DLL: V4.72a, compiled Jun 26 2013 11:49:14
Firmware: J-Link ARM V8 compiled Nov 14 2012 22:34:52
Hardware: V8.00
Feature(s) : RDI,FlashDL,FlashBP,JFlash,GDBFULL 
 
* JLink Info: TotalIRLen = ?, IRPrint = 0x..FFFFFFFFFFFFFFFFFFFFFE11
* JLink Info: TotalIRLen = ?, IRPrint = 0x..FFFFFFFFFFFFFFFFFFFFFE11
Load "..\\OBJ\\LWip.AXF" 
Set JLink Project File to "D:\Project\2016_04\2016_04_27\04_27_version\debug_mode\USER\JLinkSettings.ini"
 
JLink info:
------------
DLL: V4.72a, compiled Jun 26 2013 11:49:14
Firmware: J-Link ARM V8 compiled Nov 14 2012 22:34:52
Hardware: V8.00
Feature(s) : RDI,FlashDL,FlashBP,JFlash,GDBFULL 
 
* JLink Info: TotalIRLen = 9, IRPrint = 0x0011
* JLink Info: Found Cortex-M3 r1p1, Little endian.
* JLink Info: TPIU fitted.
* JLink Info: ETM fitted.
* JLink Info: FPUnit: 6 code (BP) slots and 2 literal slots
* JLink Info: Found Cortex-M3 r1p1, Little endian.
* JLink Info: TPIU fitted.
* JLink Info: ETM fitted.
* JLink Info: FPUnit: 6 code (BP) slots and 2 literal slots
ROMTableAddr = 0xE00FF003
 
Target info:
------------
Device: STM32F107VC
* JLink Info: Device "STM32F107VC" selected (256 KB flash, 64 KB RAM).
VTarget = 3.190V
State of Pins: 
TCK: 1, TDI: 0, TDO: 1, TMS: 0, TRES: 1, TRST: 1
Hardware-Breakpoints: 6
Software-Breakpoints: 8192
Watchpoints:          4
JTAG speed: 9600 kHz
 
Erase Done.
Programming Done.
Verify OK.
* JLink Info: Found Cortex-M3 r1p1, Little endian.
* JLink Info: TPIU fitted.
* JLink Info: ETM fitted.
* JLink Info: FPUnit: 6 code (BP) slots and 2 literal slots
Application running ...
Load "..\\OBJ\\LWip.AXF" 
Set JLink Project File to "D:\Project\2016_04\2016_04_27\04_27_version\debug_mode\USER\JLinkSettings.ini"
 
JLink info:
------------
DLL: V4.72a, compiled Jun 26 2013 11:49:14
Firmware: J-Link ARM V8 compiled Nov 14 2012 22:34:52
Hardware: V8.00
Feature(s) : RDI,FlashDL,FlashBP,JFlash,GDBFULL 
 
* JLink Info: TotalIRLen = 9, IRPrint = 0x0011
* JLink Info: Found Cortex-M3 r1p1, Little endian.
* JLink Info: TPIU fitted.
* JLink Info: ETM fitted.
* JLink Info: FPUnit: 6 code (BP) slots and 2 literal slots
* JLink Info: Found Cortex-M3 r1p1, Little endian.
* JLink Info: TPIU fitted.
* JLink Info: ETM fitted.
* JLink Info: FPUnit: 6 code (BP) slots and 2 literal slots
ROMTableAddr = 0xE00FF003
 
Target info:
------------
Device: STM32F107VC
* JLink Info: Device "STM32F107VC" selected (256 KB flash, 64 KB RAM).
VTarget = 3.164V
State of Pins: 
TCK: 1, TDI: 0, TDO: 1, TMS: 0, TRES: 1, TRST: 1
Hardware-Breakpoints: 6
Software-Breakpoints: 8192
Watchpoints:          4
JTAG speed: 9600 kHz
 
Erase Done.
Programming Done.
Verify OK.
* JLink Info: Found Cortex-M3 r1p1, Little endian.
* JLink Info: TPIU fitted.
* JLink Info: ETM fitted.
* JLink Info: FPUnit: 6 code (BP) slots and 2 literal slots
Application running ...
Load "..\\OBJ\\LWip.AXF" 
Set JLink Project File to "D:\Project\2016_04\2016_04_27\04_27_version\debug_mode\USER\JLinkSettings.ini"
 
JLink info:
------------
DLL: V4.72a, compiled Jun 26 2013 11:49:14
Firmware: J-Link ARM V8 compiled Nov 14 2012 22:34:52
Hardware: V8.00
Feature(s) : RDI,FlashDL,FlashBP,JFlash,GDBFULL 
 
* JLink Info: TotalIRLen = 9, IRPrint = 0x0011
* JLink Info: Found Cortex-M3 r1p1, Little endian.
* JLink Info: TPIU fitted.
* JLink Info: ETM fitted.
* JLink Info: FPUnit: 6 code (BP) slots and 2 literal slots
* JLink Info: Found Cortex-M3 r1p1, Little endian.
* JLink Info: TPIU fitted.
* JLink Info: ETM fitted.
* JLink Info: FPUnit: 6 code (BP) slots and 2 literal slots
ROMTableAddr = 0xE00FF003
 
Target info:
------------
Device: STM32F107VC
* JLink Info: Device "STM32F107VC" selected (256 KB flash, 64 KB RAM).
VTarget = 2.594V
State of Pins: 
TCK: 1, TDI: 0, TDO: 1, TMS: 0, TRES: 1, TRST: 1
Hardware-Breakpoints: 6
Software-Breakpoints: 8192
Watchpoints:          4
JTAG speed: 9600 kHz
 
Erase Done.
Programming Done.
Verify OK.
* JLink Info: Found Cortex-M3 r1p1, Little endian.
* JLink Info: TPIU fitted.
* JLink Info: ETM fitted.
* JLink Info: FPUnit: 6 code (BP) slots and 2 literal slots
Application running ...
Load "..\\OBJ\\LWip.AXF" 
Set JLink Project File to "D:\Project\2016_04\2016_04_27\04_27_version\debug_mode\USER\JLinkSettings.ini"
 
JLink info:
------------
DLL: V4.72a, compiled Jun 26 2013 11:49:14
Firmware: J-Link ARM V8 compiled Nov 14 2012 22:34:52
Hardware: V8.00
Feature(s) : RDI,FlashDL,FlashBP,JFlash,GDBFULL 
 
* JLink Info: TotalIRLen = 9, IRPrint = 0x0011
* JLink Info: Found Cortex-M3 r1p1, Little endian.
* JLink Info: TPIU fitted.
* JLink Info: ETM fitted.
* JLink Info: FPUnit: 6 code (BP) slots and 2 literal slots
* JLink Info: Found Cortex-M3 r1p1, Little endian.
* JLink Info: TPIU fitted.
* JLink Info: ETM fitted.
* JLink Info: FPUnit: 6 code (BP) slots and 2 literal slots
ROMTableAddr = 0xE00FF003
 
Target info:
------------
Device: STM32F107VC
* JLink Info: Device "STM32F107VC" selected (256 KB flash, 64 KB RAM).
VTarget = 3.177V
State of Pins: 
TCK: 1, TDI: 0, TDO: 1, TMS: 0, TRES: 1, TRST: 1
Hardware-Breakpoints: 6
Software-Breakpoints: 8192
Watchpoints:          4
JTAG speed: 9600 kHz
 
Erase Done.
Programming Done.
Verify OK.
* JLink Info: Found Cortex-M3 r1p1, Little endian.
* JLink Info: TPIU fitted.
* JLink Info: ETM fitted.
* JLink Info: FPUnit: 6 code (BP) slots and 2 literal slots
Application running ...
Load "..\\OBJ\\LWip.AXF" 
Set JLink Project File to "D:\Project\2016_04\2016_04_27\04_27_version\debug_mode\USER\JLinkSettings.ini"
 
JLink info:
------------
DLL: V4.72a, compiled Jun 26 2013 11:49:14
Firmware: J-Link ARM V8 compiled Nov 14 2012 22:34:52
Hardware: V8.00
Feature(s) : RDI,FlashDL,FlashBP,JFlash,GDBFULL 
 
* JLink Info: TotalIRLen = 9, IRPrint = 0x0011
* JLink Info: Found Cortex-M3 r1p1, Little endian.
* JLink Info: TPIU fitted.
* JLink Info: ETM fitted.
* JLink Info: FPUnit: 6 code (BP) slots and 2 literal slots
* JLink Info: Found Cortex-M3 r1p1, Little endian.
* JLink Info: TPIU fitted.
* JLink Info: ETM fitted.
* JLink Info: FPUnit: 6 code (BP) slots and 2 literal slots
ROMTableAddr = 0xE00FF003
 
Target info:
------------
Device: STM32F107VC
* JLink Info: Device "STM32F107VC" selected (256 KB flash, 64 KB RAM).
VTarget = 3.164V
State of Pins: 
TCK: 1, TDI: 0, TDO: 1, TMS: 0, TRES: 1, TRST: 1
Hardware-Breakpoints: 6
Software-Breakpoints: 8192
Watchpoints:          4
JTAG speed: 9600 kHz
 
Erase Done.
Programming Done.
Verify OK.
* JLink Info: Found Cortex-M3 r1p1, Little endian.
* JLink Info: TPIU fitted.
* JLink Info: ETM fitted.
* JLink Info: FPUnit: 6 code (BP) slots and 2 literal slots
Application running ...
Load "..\\OBJ\\LWip.AXF" 
Set JLink Project File to "D:\Project\2016_04\2016_04_27\04_27_version\debug_mode\USER\JLinkSettings.ini"
 
JLink info:
------------
DLL: V4.72a, compiled Jun 26 2013 11:49:14
Firmware: J-Link ARM V8 compiled Nov 14 2012 22:34:52
Hardware: V8.00
Feature(s) : RDI,FlashDL,FlashBP,JFlash,GDBFULL 
 
* JLink Info: TotalIRLen = 9, IRPrint = 0x0011
* JLink Info: Found Cortex-M3 r1p1, Little endian.
* JLink Info: TPIU fitted.
* JLink Info: ETM fitted.
* JLink Info: FPUnit: 6 code (BP) slots and 2 literal slots
* JLink Info: Found Cortex-M3 r1p1, Little endian.
* JLink Info: TPIU fitted.
* JLink Info: ETM fitted.
* JLink Info: FPUnit: 6 code (BP) slots and 2 literal slots
ROMTableAddr = 0xE00FF003
 
Target info:
------------
Device: STM32F107VC
* JLink Info: Device "STM32F107VC" selected (256 KB flash, 64 KB RAM).
VTarget = 3.190V
State of Pins: 
TCK: 1, TDI: 0, TDO: 1, TMS: 0, TRES: 1, TRST: 1
Hardware-Breakpoints: 6
Software-Breakpoints: 8192
Watchpoints:          4
JTAG speed: 9600 kHz
 
Erase Done.
Programming Done.
Verify OK.
* JLink Info: Found Cortex-M3 r1p1, Little endian.
* JLink Info: TPIU fitted.
* JLink Info: ETM fitted.
* JLink Info: FPUnit: 6 code (BP) slots and 2 literal slots
Application running ...
Load "..\\OBJ\\LWip.AXF" 
Set JLink Project File to "D:\Project\2016_04\2016_04_27\04_27_version\debug_mode\USER\JLinkSettings.ini"
 
JLink info:
------------
DLL: V4.72a, compiled Jun 26 2013 11:49:14
Firmware: J-Link ARM V8 compiled Nov 14 2012 22:34:52
Hardware: V8.00
Feature(s) : RDI,FlashDL,FlashBP,JFlash,GDBFULL 
 
***JLink Error: Supply voltage too low (1 Volt is required, Measured: 0.0 Volt).
Please check target power.
Build target 'LWip'
linking...
Program Size: Code=60884 RO-data=948 RW-data=388 ZI-data=60892  
FromELF: creating hex file...
User command #1: C:\Keil\ARM\BIN40\fromelf.exe --bin --output ./bin/stm32_app.bin ../OBJ/LWip.axf
"..\OBJ\LWip.axf" - 0 Error(s), 0 Warning(s).
Load "..\\OBJ\\LWip.AXF" 
Set JLink Project File to "D:\Project\2016_04\2016_04_27\04_27_version\debug_mode\USER\JLinkSettings.ini"
 
JLink info:
------------
DLL: V4.72a, compiled Jun 26 2013 11:49:14
Firmware: J-Link ARM V8 compiled Nov 14 2012 22:34:52
Hardware: V8.00
Feature(s) : RDI,FlashDL,FlashBP,JFlash,GDBFULL 
 
* JLink Info: TotalIRLen = 9, IRPrint = 0x0011
* JLink Info: Found Cortex-M3 r1p1, Little endian.
* JLink Info: TPIU fitted.
* JLink Info: ETM fitted.
* JLink Info: FPUnit: 6 code (BP) slots and 2 literal slots
* JLink Info: Found Cortex-M3 r1p1, Little endian.
* JLink Info: TPIU fitted.
* JLink Info: ETM fitted.
* JLink Info: FPUnit: 6 code (BP) slots and 2 literal slots
ROMTableAddr = 0xE00FF003
 
Target info:
------------
Device: STM32F107VC
* JLink Info: Device "STM32F107VC" selected (256 KB flash, 64 KB RAM).
VTarget = 3.183V
State of Pins: 
TCK: 1, TDI: 0, TDO: 1, TMS: 0, TRES: 1, TRST: 1
Hardware-Breakpoints: 6
Software-Breakpoints: 8192
Watchpoints:          4
JTAG speed: 9600 kHz
 
Erase Done.
Programming Done.
Verify OK.
* JLink Info: Found Cortex-M3 r1p1, Little endian.
* JLink Info: TPIU fitted.
* JLink Info: ETM fitted.
* JLink Info: FPUnit: 6 code (BP) slots and 2 literal slots
Application running ...
Load "..\\OBJ\\LWip.AXF" 
Set JLink Project File to "D:\Project\2016_04\2016_04_27\04_27_version\debug_mode\USER\JLinkSettings.ini"
 
JLink info:
------------
DLL: V4.72a, compiled Jun 26 2013 11:49:14
Firmware: J-Link ARM V8 compiled Nov 14 2012 22:34:52
Hardware: V8.00
Feature(s) : RDI,FlashDL,FlashBP,JFlash,GDBFULL 
 
* JLink Info: TotalIRLen = 9, IRPrint = 0x0011
* JLink Info: Found Cortex-M3 r1p1, Little endian.
* JLink Info: TPIU fitted.
* JLink Info: ETM fitted.
* JLink Info: FPUnit: 6 code (BP) slots and 2 literal slots
* JLink Info: Found Cortex-M3 r1p1, Little endian.
* JLink Info: TPIU fitted.
* JLink Info: ETM fitted.
* JLink Info: FPUnit: 6 code (BP) slots and 2 literal slots
ROMTableAddr = 0xE00FF003
 
Target info:
------------
Device: STM32F107VC
* JLink Info: Device "STM32F107VC" selected (256 KB flash, 64 KB RAM).
VTarget = 2.601V
State of Pins: 
TCK: 1, TDI: 0, TDO: 1, TMS: 0, TRES: 1, TRST: 1
Hardware-Breakpoints: 6
Software-Breakpoints: 8192
Watchpoints:          4
JTAG speed: 9600 kHz
 
Erase Done.
Programming Done.
Verify OK.
* JLink Info: Found Cortex-M3 r1p1, Little endian.
* JLink Info: TPIU fitted.
* JLink Info: ETM fitted.
* JLink Info: FPUnit: 6 code (BP) slots and 2 literal slots
Application running ...
Load "..\\OBJ\\LWip.AXF" 
Set JLink Project File to "D:\Project\2016_04\2016_04_27\04_27_version\debug_mode\USER\JLinkSettings.ini"
 
JLink info:
------------
DLL: V4.72a, compiled Jun 26 2013 11:49:14
Firmware: J-Link ARM V8 compiled Nov 14 2012 22:34:52
Hardware: V8.00
Feature(s) : RDI,FlashDL,FlashBP,JFlash,GDBFULL 
 
* JLink Info: TotalIRLen = 9, IRPrint = 0x0011
* JLink Info: Found Cortex-M3 r1p1, Little endian.
* JLink Info: TPIU fitted.
* JLink Info: ETM fitted.
* JLink Info: FPUnit: 6 code (BP) slots and 2 literal slots
* JLink Info: Found Cortex-M3 r1p1, Little endian.
* JLink Info: TPIU fitted.
* JLink Info: ETM fitted.
* JLink Info: FPUnit: 6 code (BP) slots and 2 literal slots
ROMTableAddr = 0xE00FF003
 
Target info:
------------
Device: STM32F107VC
* JLink Info: Device "STM32F107VC" selected (256 KB flash, 64 KB RAM).
VTarget = 3.183V
State of Pins: 
TCK: 1, TDI: 0, TDO: 1, TMS: 0, TRES: 1, TRST: 1
Hardware-Breakpoints: 6
Software-Breakpoints: 8192
Watchpoints:          4
JTAG speed: 9600 kHz
 
Erase Done.
Programming Done.
Verify OK.
* JLink Info: Found Cortex-M3 r1p1, Little endian.
* JLink Info: TPIU fitted.
* JLink Info: ETM fitted.
* JLink Info: FPUnit: 6 code (BP) slots and 2 literal slots
Application running ...
Load "..\\OBJ\\LWip.AXF" 
Set JLink Project File to "D:\Project\2016_04\2016_04_27\04_27_version\debug_mode\USER\JLinkSettings.ini"
 
JLink info:
------------
DLL: V4.72a, compiled Jun 26 2013 11:49:14
Firmware: J-Link ARM V8 compiled Nov 14 2012 22:34:52
Hardware: V8.00
Feature(s) : RDI,FlashDL,FlashBP,JFlash,GDBFULL 
 
* JLink Info: TotalIRLen = 9, IRPrint = 0x0011
* JLink Info: Found Cortex-M3 r1p1, Little endian.
* JLink Info: TPIU fitted.
* JLink Info: ETM fitted.
* JLink Info: FPUnit: 6 code (BP) slots and 2 literal slots
* JLink Info: Found Cortex-M3 r1p1, Little endian.
* JLink Info: TPIU fitted.
* JLink Info: ETM fitted.
* JLink Info: FPUnit: 6 code (BP) slots and 2 literal slots
ROMTableAddr = 0xE00FF003
 
Target info:
------------
Device: STM32F107VC
* JLink Info: Device "STM32F107VC" selected (256 KB flash, 64 KB RAM).
VTarget = 3.190V
State of Pins: 
TCK: 1, TDI: 0, TDO: 1, TMS: 0, TRES: 1, TRST: 1
Hardware-Breakpoints: 6
Software-Breakpoints: 8192
Watchpoints:          4
JTAG speed: 9600 kHz
 
Erase Done.
Programming Done.
Verify OK.
* JLink Info: Found Cortex-M3 r1p1, Little endian.
* JLink Info: TPIU fitted.
* JLink Info: ETM fitted.
* JLink Info: FPUnit: 6 code (BP) slots and 2 literal slots
Application running ...
Load "..\\OBJ\\LWip.AXF" 
Set JLink Project File to "D:\Project\2016_04\2016_04_27\04_27_version\debug_mode\USER\JLinkSettings.ini"
 
JLink info:
------------
DLL: V4.72a, compiled Jun 26 2013 11:49:14
Firmware: J-Link ARM V8 compiled Nov 14 2012 22:34:52
Hardware: V8.00
Feature(s) : RDI,FlashDL,FlashBP,JFlash,GDBFULL 
 
* JLink Info: TotalIRLen = 9, IRPrint = 0x0011
* JLink Info: Found Cortex-M3 r1p1, Little endian.
* JLink Info: TPIU fitted.
* JLink Info: ETM fitted.
* JLink Info: FPUnit: 6 code (BP) slots and 2 literal slots
* JLink Info: Found Cortex-M3 r1p1, Little endian.
* JLink Info: TPIU fitted.
* JLink Info: ETM fitted.
* JLink Info: FPUnit: 6 code (BP) slots and 2 literal slots
ROMTableAddr = 0xE00FF003
 
Target info:
------------
Device: STM32F107VC
* JLink Info: Device "STM32F107VC" selected (256 KB flash, 64 KB RAM).
VTarget = 3.183V
State of Pins: 
TCK: 1, TDI: 0, TDO: 1, TMS: 0, TRES: 1, TRST: 1
Hardware-Breakpoints: 6
Software-Breakpoints: 8192
Watchpoints:          4
JTAG speed: 9600 kHz
 
Erase Done.
Programming Done.
Verify OK.
* JLink Info: Found Cortex-M3 r1p1, Little endian.
* JLink Info: TPIU fitted.
* JLink Info: ETM fitted.
* JLink Info: FPUnit: 6 code (BP) slots and 2 literal slots
Application running ...
Load "..\\OBJ\\LWip.AXF" 
Set JLink Project File to "D:\Project\2016_04\2016_04_27\04_27_version\debug_mode\USER\JLinkSettings.ini"
 
JLink info:
------------
DLL: V4.72a, compiled Jun 26 2013 11:49:14
Firmware: J-Link ARM V8 compiled Nov 14 2012 22:34:52
Hardware: V8.00
Feature(s) : RDI,FlashDL,FlashBP,JFlash,GDBFULL 
 
* JLink Info: TotalIRLen = 9, IRPrint = 0x0011
* JLink Info: Found Cortex-M3 r1p1, Little endian.
* JLink Info: TPIU fitted.
* JLink Info: ETM fitted.
* JLink Info: FPUnit: 6 code (BP) slots and 2 literal slots
* JLink Info: Found Cortex-M3 r1p1, Little endian.
* JLink Info: TPIU fitted.
* JLink Info: ETM fitted.
* JLink Info: FPUnit: 6 code (BP) slots and 2 literal slots
ROMTableAddr = 0xE00FF003
 
Target info:
------------
Device: STM32F107VC
* JLink Info: Device "STM32F107VC" selected (256 KB flash, 64 KB RAM).
VTarget = 3.196V
State of Pins: 
TCK: 1, TDI: 0, TDO: 1, TMS: 0, TRES: 1, TRST: 1
Hardware-Breakpoints: 6
Software-Breakpoints: 8192
Watchpoints:          4
JTAG speed: 9600 kHz
 
Erase Done.
Programming Done.
Verify OK.
* JLink Info: Found Cortex-M3 r1p1, Little endian.
* JLink Info: TPIU fitted.
* JLink Info: ETM fitted.
* JLink Info: FPUnit: 6 code (BP) slots and 2 literal slots
Application running ...
Load "..\\OBJ\\LWip.AXF" 
Set JLink Project File to "D:\Project\2016_04\2016_04_27\04_27_version\debug_mode\USER\JLinkSettings.ini"
 
JLink info:
------------
DLL: V4.72a, compiled Jun 26 2013 11:49:14
Firmware: J-Link ARM V8 compiled Nov 14 2012 22:34:52
Hardware: V8.00
Feature(s) : RDI,FlashDL,FlashBP,JFlash,GDBFULL 
 
* JLink Info: TotalIRLen = 9, IRPrint = 0x0011
* JLink Info: Found Cortex-M3 r1p1, Little endian.
* JLink Info: TPIU fitted.
* JLink Info: ETM fitted.
* JLink Info: FPUnit: 6 code (BP) slots and 2 literal slots
* JLink Info: Found Cortex-M3 r1p1, Little endian.
* JLink Info: TPIU fitted.
* JLink Info: ETM fitted.
* JLink Info: FPUnit: 6 code (BP) slots and 2 literal slots
ROMTableAddr = 0xE00FF003
 
Target info:
------------
Device: STM32F107VC
* JLink Info: Device "STM32F107VC" selected (256 KB flash, 64 KB RAM).
VTarget = 3.202V
State of Pins: 
TCK: 1, TDI: 0, TDO: 1, TMS: 0, TRES: 1, TRST: 1
Hardware-Breakpoints: 6
Software-Breakpoints: 8192
Watchpoints:          4
JTAG speed: 9600 kHz
 
Erase Done.
Programming Done.
Verify OK.
* JLink Info: Found Cortex-M3 r1p1, Little endian.
* JLink Info: TPIU fitted.
* JLink Info: ETM fitted.
* JLink Info: FPUnit: 6 code (BP) slots and 2 literal slots
Application running ...
Load "..\\OBJ\\LWip.AXF" 
Set JLink Project File to "D:\Project\2016_04\2016_04_27\04_27_version\debug_mode\USER\JLinkSettings.ini"
 
JLink info:
------------
DLL: V4.72a, compiled Jun 26 2013 11:49:14
Firmware: J-Link ARM V8 compiled Nov 14 2012 22:34:52
Hardware: V8.00
Feature(s) : RDI,FlashDL,FlashBP,JFlash,GDBFULL 
 
* JLink Info: TotalIRLen = 9, IRPrint = 0x0011
* JLink Info: Found Cortex-M3 r1p1, Little endian.
* JLink Info: TPIU fitted.
* JLink Info: ETM fitted.
* JLink Info: FPUnit: 6 code (BP) slots and 2 literal slots
* JLink Info: Found Cortex-M3 r1p1, Little endian.
* JLink Info: TPIU fitted.
* JLink Info: ETM fitted.
* JLink Info: FPUnit: 6 code (BP) slots and 2 literal slots
ROMTableAddr = 0xE00FF003
 
Target info:
------------
Device: STM32F107VC
* JLink Info: Device "STM32F107VC" selected (256 KB flash, 64 KB RAM).
VTarget = 3.209V
State of Pins: 
TCK: 1, TDI: 0, TDO: 1, TMS: 0, TRES: 1, TRST: 1
Hardware-Breakpoints: 6
Software-Breakpoints: 8192
Watchpoints:          4
JTAG speed: 9600 kHz
 
Erase Done.
Programming Done.
Verify OK.
* JLink Info: Found Cortex-M3 r1p1, Little endian.
* JLink Info: TPIU fitted.
* JLink Info: ETM fitted.
* JLink Info: FPUnit: 6 code (BP) slots and 2 literal slots
Application running ...
Load "..\\OBJ\\LWip.AXF" 
Set JLink Project File to "D:\Project\2016_04\2016_04_27\04_27_version\debug_mode\USER\JLinkSettings.ini"
 
JLink info:
------------
DLL: V4.72a, compiled Jun 26 2013 11:49:14
Firmware: J-Link ARM V8 compiled Nov 14 2012 22:34:52
Hardware: V8.00
Feature(s) : RDI,FlashDL,FlashBP,JFlash,GDBFULL 
 
* JLink Info: TotalIRLen = 9, IRPrint = 0x0011
* JLink Info: Found Cortex-M3 r1p1, Little endian.
* JLink Info: TPIU fitted.
* JLink Info: ETM fitted.
* JLink Info: FPUnit: 6 code (BP) slots and 2 literal slots
* JLink Info: Found Cortex-M3 r1p1, Little endian.
* JLink Info: TPIU fitted.
* JLink Info: ETM fitted.
* JLink Info: FPUnit: 6 code (BP) slots and 2 literal slots
ROMTableAddr = 0xE00FF003
 
Target info:
------------
Device: STM32F107VC
* JLink Info: Device "STM32F107VC" selected (256 KB flash, 64 KB RAM).
VTarget = 3.190V
State of Pins: 
TCK: 1, TDI: 0, TDO: 1, TMS: 0, TRES: 1, TRST: 1
Hardware-Breakpoints: 6
Software-Breakpoints: 8192
Watchpoints:          4
JTAG speed: 9600 kHz
 
Erase Done.
Programming Done.
Verify OK.
* JLink Info: Found Cortex-M3 r1p1, Little endian.
* JLink Info: TPIU fitted.
* JLink Info: ETM fitted.
* JLink Info: FPUnit: 6 code (BP) slots and 2 literal slots
Application running ...
Load "..\\OBJ\\LWip.AXF" 
Set JLink Project File to "D:\Project\2016_04\2016_04_27\04_27_version\debug_mode\USER\JLinkSettings.ini"
 
JLink info:
------------
DLL: V4.72a, compiled Jun 26 2013 11:49:14
Firmware: J-Link ARM V8 compiled Nov 14 2012 22:34:52
Hardware: V8.00
Feature(s) : RDI,FlashDL,FlashBP,JFlash,GDBFULL 
 
* JLink Info: TotalIRLen = 9, IRPrint = 0x0011
* JLink Info: Found Cortex-M3 r1p1, Little endian.
* JLink Info: TPIU fitted.
* JLink Info: ETM fitted.
* JLink Info: FPUnit: 6 code (BP) slots and 2 literal slots
* JLink Info: Found Cortex-M3 r1p1, Little endian.
* JLink Info: TPIU fitted.
* JLink Info: ETM fitted.
* JLink Info: FPUnit: 6 code (BP) slots and 2 literal slots
ROMTableAddr = 0xE00FF003
 
Target info:
------------
Device: STM32F107VC
* JLink Info: Device "STM32F107VC" selected (256 KB flash, 64 KB RAM).
VTarget = 3.190V
State of Pins: 
TCK: 1, TDI: 0, TDO: 1, TMS: 0, TRES: 1, TRST: 1
Hardware-Breakpoints: 6
Software-Breakpoints: 8192
Watchpoints:          4
JTAG speed: 9600 kHz
 
Erase Done.
Programming Done.
Verify OK.
* JLink Info: Found Cortex-M3 r1p1, Little endian.
* JLink Info: TPIU fitted.
* JLink Info: ETM fitted.
* JLink Info: FPUnit: 6 code (BP) slots and 2 literal slots
Application running ...
Load "..\\OBJ\\LWip.AXF" 
Set JLink Project File to "D:\Project\2016_04\2016_04_27\04_27_version\debug_mode\USER\JLinkSettings.ini"
 
JLink info:
------------
DLL: V4.72a, compiled Jun 26 2013 11:49:14
Firmware: J-Link ARM V8 compiled Nov 14 2012 22:34:52
Hardware: V8.00
Feature(s) : RDI,FlashDL,FlashBP,JFlash,GDBFULL 
 
* JLink Info: TotalIRLen = 9, IRPrint = 0x0011
* JLink Info: Found Cortex-M3 r1p1, Little endian.
* JLink Info: TPIU fitted.
* JLink Info: ETM fitted.
* JLink Info: FPUnit: 6 code (BP) slots and 2 literal slots
* JLink Info: Found Cortex-M3 r1p1, Little endian.
* JLink Info: TPIU fitted.
* JLink Info: ETM fitted.
* JLink Info: FPUnit: 6 code (BP) slots and 2 literal slots
ROMTableAddr = 0xE00FF003
 
Target info:
------------
Device: STM32F107VC
* JLink Info: Device "STM32F107VC" selected (256 KB flash, 64 KB RAM).
VTarget = 3.183V
State of Pins: 
TCK: 1, TDI: 0, TDO: 1, TMS: 0, TRES: 1, TRST: 1
Hardware-Breakpoints: 6
Software-Breakpoints: 8192
Watchpoints:          4
JTAG speed: 9600 kHz
 
Erase Done.
Programming Done.
Verify OK.
* JLink Info: Found Cortex-M3 r1p1, Little endian.
* JLink Info: TPIU fitted.
* JLink Info: ETM fitted.
* JLink Info: FPUnit: 6 code (BP) slots and 2 literal slots
Application running ...
Load "..\\OBJ\\LWip.AXF" 
Set JLink Project File to "D:\Project\2016_04\2016_04_27\04_27_version\debug_mode\USER\JLinkSettings.ini"
 
JLink info:
------------
DLL: V4.72a, compiled Jun 26 2013 11:49:14
Firmware: J-Link ARM V8 compiled Nov 14 2012 22:34:52
Hardware: V8.00
Feature(s) : RDI,FlashDL,FlashBP,JFlash,GDBFULL 
 
* JLink Info: TotalIRLen = 9, IRPrint = 0x0011
* JLink Info: Found Cortex-M3 r1p1, Little endian.
* JLink Info: TPIU fitted.
* JLink Info: ETM fitted.
* JLink Info: FPUnit: 6 code (BP) slots and 2 literal slots
* JLink Info: Found Cortex-M3 r1p1, Little endian.
* JLink Info: TPIU fitted.
* JLink Info: ETM fitted.
* JLink Info: FPUnit: 6 code (BP) slots and 2 literal slots
ROMTableAddr = 0xE00FF003
 
Target info:
------------
Device: STM32F107VC
* JLink Info: Device "STM32F107VC" selected (256 KB flash, 64 KB RAM).
VTarget = 3.190V
State of Pins: 
TCK: 1, TDI: 0, TDO: 1, TMS: 0, TRES: 1, TRST: 1
Hardware-Breakpoints: 6
Software-Breakpoints: 8192
Watchpoints:          4
JTAG speed: 9600 kHz
 
Erase Done.
Programming Done.
Verify OK.
* JLink Info: Found Cortex-M3 r1p1, Little endian.
* JLink Info: TPIU fitted.
* JLink Info: ETM fitted.
* JLink Info: FPUnit: 6 code (BP) slots and 2 literal slots
Application running ...
Load "..\\OBJ\\LWip.AXF" 
Set JLink Project File to "D:\Project\2016_04\2016_04_27\04_27_version\debug_mode\USER\JLinkSettings.ini"
 
JLink info:
------------
DLL: V4.72a, compiled Jun 26 2013 11:49:14
Firmware: J-Link ARM V8 compiled Nov 14 2012 22:34:52
Hardware: V8.00
Feature(s) : RDI,FlashDL,FlashBP,JFlash,GDBFULL 
 
* JLink Info: TotalIRLen = 9, IRPrint = 0x0011
* JLink Info: Found Cortex-M3 r1p1, Little endian.
* JLink Info: TPIU fitted.
* JLink Info: ETM fitted.
* JLink Info: FPUnit: 6 code (BP) slots and 2 literal slots
* JLink Info: Found Cortex-M3 r1p1, Little endian.
* JLink Info: TPIU fitted.
* JLink Info: ETM fitted.
* JLink Info: FPUnit: 6 code (BP) slots and 2 literal slots
ROMTableAddr = 0xE00FF003
 
Target info:
------------
Device: STM32F107VC
* JLink Info: Device "STM32F107VC" selected (256 KB flash, 64 KB RAM).
VTarget = 3.196V
State of Pins: 
TCK: 1, TDI: 0, TDO: 1, TMS: 0, TRES: 1, TRST: 1
Hardware-Breakpoints: 6
Software-Breakpoints: 8192
Watchpoints:          4
JTAG speed: 9600 kHz
 
Erase Done.
Programming Done.
Verify OK.
* JLink Info: Found Cortex-M3 r1p1, Little endian.
* JLink Info: TPIU fitted.
* JLink Info: ETM fitted.
* JLink Info: FPUnit: 6 code (BP) slots and 2 literal slots
Application running ...
Load "..\\OBJ\\LWip.AXF" 
Set JLink Project File to "D:\Project\2016_04\2016_04_27\04_27_version\debug_mode\USER\JLinkSettings.ini"
 
JLink info:
------------
DLL: V4.72a, compiled Jun 26 2013 11:49:14
Firmware: J-Link ARM V8 compiled Nov 14 2012 22:34:52
Hardware: V8.00
Feature(s) : RDI,FlashDL,FlashBP,JFlash,GDBFULL 
 
* JLink Info: TotalIRLen = 9, IRPrint = 0x0011
* JLink Info: Found Cortex-M3 r1p1, Little endian.
* JLink Info: TPIU fitted.
* JLink Info: ETM fitted.
* JLink Info: FPUnit: 6 code (BP) slots and 2 literal slots
* JLink Info: Found Cortex-M3 r1p1, Little endian.
* JLink Info: TPIU fitted.
* JLink Info: ETM fitted.
* JLink Info: FPUnit: 6 code (BP) slots and 2 literal slots
ROMTableAddr = 0xE00FF003
 
Target info:
------------
Device: STM32F107VC
* JLink Info: Device "STM32F107VC" selected (256 KB flash, 64 KB RAM).
VTarget = 3.202V
State of Pins: 
TCK: 1, TDI: 0, TDO: 1, TMS: 0, TRES: 1, TRST: 1
Hardware-Breakpoints: 6
Software-Breakpoints: 8192
Watchpoints:          4
JTAG speed: 9600 kHz
 
Erase Done.
Programming Done.
Verify OK.
* JLink Info: Found Cortex-M3 r1p1, Little endian.
* JLink Info: TPIU fitted.
* JLink Info: ETM fitted.
* JLink Info: FPUnit: 6 code (BP) slots and 2 literal slots
Application running ...
Load "..\\OBJ\\LWip.AXF" 
Set JLink Project File to "D:\Project\2016_04\2016_04_27\04_27_version\debug_mode\USER\JLinkSettings.ini"
 
JLink info:
------------
DLL: V4.72a, compiled Jun 26 2013 11:49:14
Firmware: J-Link ARM V8 compiled Nov 14 2012 22:34:52
Hardware: V8.00
Feature(s) : RDI,FlashDL,FlashBP,JFlash,GDBFULL 
 
* JLink Info: TotalIRLen = ?, IRPrint = 0x..FFFFFFFFFFFFFFFFFFFFFE11
* JLink Info: TotalIRLen = ?, IRPrint = 0x..FFFFFFFFFFFFFFFFFFFFFE11
Load "..\\OBJ\\LWip.AXF" 
Set JLink Project File to "D:\Project\2016_04\2016_04_27\04_27_version\debug_mode\USER\JLinkSettings.ini"
 
JLink info:
------------
DLL: V4.72a, compiled Jun 26 2013 11:49:14
Firmware: J-Link ARM V8 compiled Nov 14 2012 22:34:52
Hardware: V8.00
Feature(s) : RDI,FlashDL,FlashBP,JFlash,GDBFULL 
 
* JLink Info: TotalIRLen = 9, IRPrint = 0x0011
* JLink Info: Found Cortex-M3 r1p1, Little endian.
* JLink Info: TPIU fitted.
* JLink Info: ETM fitted.
* JLink Info: FPUnit: 6 code (BP) slots and 2 literal slots
* JLink Info: Found Cortex-M3 r1p1, Little endian.
* JLink Info: TPIU fitted.
* JLink Info: ETM fitted.
* JLink Info: FPUnit: 6 code (BP) slots and 2 literal slots
ROMTableAddr = 0xE00FF003
 
Target info:
------------
Device: STM32F107VC
* JLink Info: Device "STM32F107VC" selected (256 KB flash, 64 KB RAM).
VTarget = 3.202V
State of Pins: 
TCK: 1, TDI: 0, TDO: 1, TMS: 0, TRES: 1, TRST: 1
Hardware-Breakpoints: 6
Software-Breakpoints: 8192
Watchpoints:          4
JTAG speed: 9600 kHz
 
Erase Done.
Programming Done.
Verify OK.
* JLink Info: Found Cortex-M3 r1p1, Little endian.
* JLink Info: TPIU fitted.
* JLink Info: ETM fitted.
* JLink Info: FPUnit: 6 code (BP) slots and 2 literal slots
Application running ...
Clean started: Project: 'LWip'
   deleting intermediate output files for target 'LWip'
